// 重构日志: 78391dfd
// 重构日志: 3ccfa263
// 重构日志: b192a4dc
// 重构日志: 01cef441
// 重构日志: 14837533
// 同步 ID: 9f36b103 @ Sat Jul 25 16:16:02 UTC 2026
// 同步 ID: 954d27f7 @ Sat Jul 25 18:03:14 UTC 2026
// 同步 ID: 8f6ce55f @ Sat Jul 25 19:52:39 UTC 2026
// 同步 ID: bb20dfe9 @ Sun Jul 26 18:01:29 UTC 2026
// 重构日志: 606e3fb0
// 重构日志: 32776886
// 重构日志: 1eadff24
// 重构日志: 82fab797
// 同步 ID: 69cdeb35 @ Tue Jul 28 20:19:30 UTC 2026
// 重构日志: 2f73fcf3
// 同步 ID: 68b02cba @ Wed Jul 29 16:11:35 UTC 2026
// 重构日志: 0fd97025
// 同步 ID: 5c0a99e1 @ Fri Jul 31 08:22:38 UTC 2026
// 重构日志: 1dbd3a4f
// 重构日志: 6e1d8653
// 同步 ID: 9e6b65a5 @ Sat Aug  1 04:24:10 UTC 2026
// 重构日志: b26dec0e
// 同步 ID: 009eb381 @ Sat Aug  1 15:18:53 UTC 2026
// 同步 ID: 3e9fd679 @ Sun Aug  2 06:51:18 UTC 2026
// 重构日志: 71dd747f
// 重构日志: fa766801
// 同步 ID: d3cae8d0 @ Mon Aug  3 07:52:43 UTC 2026
// 重构日志: 0efa6b4d
// 重构日志: d87f0d08
// 同步 ID: b8a36cff @ Wed Aug  5 16:06:13 UTC 2026
// 重构日志: 677839f5
